// Jest Snapshot v1, https://goo.gl/fbAQLP

exports[`Component renders correctly 1`] = `
<DocumentFragment>
  <div
    class="HeroCard"
  >
    <img
      alt="Adam Warlock"
      class="HeroCard-img"
      src="http://i.annihil.us/u/prod/marvel/i/mg/a/f0/5202887448860.jpg"
    />
    <p
      class="HeroCard-name"
    >
      Adam Warlock
    </p>
  </div>
</DocumentFragment>
`;
