// Jest Snapshot v1, https://goo.gl/fbAQLP

exports[`Component renders correctly 1`] = `
<DocumentFragment>
  <div
    class="Home"
  >
    <div
      class="HeroesList"
    >
      <div
        class="HeroesList-options"
      >
        <button>
          Ordenar por nome - A/Z
        </button>
      </div>
      <div
        class="HeroesList-cards"
      />
    </div>
  </div>
</DocumentFragment>
`;
