// Jest Snapshot v1, https://goo.gl/fbAQLP

exports[`Link renders correctly 1`] = `
<DocumentFragment>
  <div
    class="App"
  >
    <div
      class="Header"
    >
      Marvel Search Heroes
    </div>
    <div
      class="Search"
    >
      <input
        class="Search-input"
      />
    </div>
    <div
      class="HeroesList"
    >
      HeroesList
    </div>
  </div>
</DocumentFragment>
`;
